// Jest Snapshot v1, https://goo.gl/fbAQLP

exports[`index.html matches snapshot 1`] = `
"<!doctype html>
<html>
<head>
  <meta charset="UTF-8">
  <meta name="viewport" content="width=device-width, initial-scale=1, maximum-scale=1, user-scalable=no, minimal-ui">
  <title>Tornado.io</title>
  <link rel="stylesheet" href="style.css">
</head>
<body>
  <canvas id="game"></canvas>
  <div id="leaderboard"></div>
  <div id="fps"></div>
  <div id="instructions">Drag on mobile or move mouse on desktop to steer your tornado.</div>
  <script src="/socket.io/socket.io.js"></script>
  <script src="socket.js"></script>
  <script src="player.js"></script>
  <script src="game.js"></script>
</body>
</html>
"
`;
